Systemd 
=======

Mostrar unidades instaladas: 
sudo systemctl list-unit-files

Activar uma unidade:
sudo systemctl start <unidade>

Verificar se uma unidade está ou não activada:
sudo systemctl is-active <unidade>

Desactivar uma unidade:
sudo systemctl stop <unidade>

Reiniciar uma unidade:
sudo systemctl restart <unidade>

Recarregar a configuração de uma unidade:
sudo systemctl reload <unidade>

Mostrar o estado de uma unidade:
sudo systemctl status <unidade>

Activar o iní­­cio de uma unidade no arranque:
sudo systemctl enable <unidade>

Verificar se uma unidade inicia ou não no arranque:
sudo systemctl is-enabled <unidade>

Desactivar o iní­­cio de uma unidade no arranque:
sudo systemctl disable <unidade>

Mostra a página de ajuda de uma unidade:
sudo systemctl help <unidade>

Recarrega o systemd pesquisando por novas ou alteradas unidades:
sudo systemctl daemon-reload

Instalação manual:
ln -s /usr/lib/systemd/system/foo.service /etc/systemd/system/graphical.target.wants/

Nota: Substituir foo pelo nome do serviço.

Reiniciar o sistema:

$ systemctl reboot

Desligar o sistema:

$ systemctl poweroff

Suspender o sistema:

$ systemctl suspend

Hibernar:

$ systemctl hibernat

Por o sistema em estado hiybrid-sleep:

$ systemctl hybrid-sleep

Vericiar os tempos de execução das unidades no arranque:

$ sudo systemd-analyze blame

Ler os registos do systemd:
journalctl

Verificar existência de erros:
sudo systemctl --failed

# Desactivar alguns serviços não essenciais:

sudo systemctl disable lvm2-monitor.service
sudo systemctl disable lvm2-lvmetad.service
sudo systemctl disable avahi-daemon.service
sudo systemctl disable dmraid-activation.service
sudo systemctl disable livesys-late.service
sudo systemctl disable livesys.service
sudo systemctl disable sendmail.service
sudo systemctl disable sm-client.service
sudo systemctl disable rpcbind.service


$ sudo mv -v /etc/systemd/system.conf /etc/systemd/system.conf.backup && sudo bash -c 'cat > /etc/systemd/system.conf' << 'EOF' 
[Manager]
DefaultTimeoutStopSec=10s
EOF


Core dump
=========

Utilizam muito espaço no disco rigí­do por esse motivo desactivamo-los

$ sudo nano /etc/systemd/coredump.conf
Storage=none

$ sudo systemctl daemon-reload

$ sudo nano /etc/security/limits.conf
* hard core 0
